this is a test file for learning git!